====================
Type='ASSIGN_FIELD_NULLABLE', message='assigning @Nullable expression to @NonNull field'
/home/nima/Developer/nullness-benchmarks/mockito/src/main/java/org/mockito/internal/verification/VerificationDataImpl.java:26
    this.wanted = wanted;
Log:
---NullAway.lambda$resolveRemainingErrors$17---
==============================
---NullAway.lambda$resolveRemainingErrors$17---
1 : TOP LEVEL CALL TO FIX ERROR: Type='ASSIGN_FIELD_NULLABLE', message='assigning @Nullable expression to @NonNull field'
/home/nima/Developer/nullness-benchmarks/mockito/src/main/java/org/mockito/internal/verification/VerificationDataImpl.java:26
    this.wanted = wanted;
---AdvancedNullAwayCodeFix.fix---
Fixing error: Type='ASSIGN_FIELD_NULLABLE', message='assigning @Nullable expression to @NonNull field'
/home/nima/Developer/nullness-benchmarks/mockito/src/main/java/org/mockito/internal/verification/VerificationDataImpl.java:26
    this.wanted = wanted;
---AdvancedNullAwayCodeFix.resolveAssignFieldNullableError---
Resolving assign field nullable error.
---AdvancedNullAwayCodeFix.resolveAssignFieldNullableError---
Making the field nullable.
---AdvancedNullAwayCodeFix.resolveAssignFieldNullableError---
Adding all triggered annotations.
---AdvancedNullAwayCodeFix.resolveAssignFieldNullableError---
Resolving unresolvable errors.
