====================
Type='WRONG_OVERRIDE_RETURN', message='method returns @Nullable, but superclass method org.mockito.internal.verification.api.VerificationDataInOrder.getWanted() returns @NonNull'
/home/nima/Developer/nullness-benchmarks/mockito/src/main/java/org/mockito/internal/verification/api/VerificationDataInOrderImpl.java:35
  @Nullable
Log:
---NullAway.lambda$resolveRemainingErrors$17---
==============================
---NullAway.lambda$resolveRemainingErrors$17---
3 : TOP LEVEL CALL TO FIX ERROR: Type='WRONG_OVERRIDE_RETURN', message='method returns @Nullable, but superclass method org.mockito.internal.verification.api.VerificationDataInOrder.getWanted() returns @NonNull'
/home/nima/Developer/nullness-benchmarks/mockito/src/main/java/org/mockito/internal/verification/api/VerificationDataInOrderImpl.java:35
  @Nullable
---AdvancedNullAwayCodeFix.fix---
Fixing error: Type='WRONG_OVERRIDE_RETURN', message='method returns @Nullable, but superclass method org.mockito.internal.verification.api.VerificationDataInOrder.getWanted() returns @NonNull'
/home/nima/Developer/nullness-benchmarks/mockito/src/main/java/org/mockito/internal/verification/api/VerificationDataInOrderImpl.java:35
  @Nullable
---AdvancedNullAwayCodeFix.resolveWrongOverrideReturnError---
Fixing wrong override return error.
---AdvancedNullAwayCodeFix.resolveWrongOverrideReturnError---
Making the super method nullable.
---AdvancedNullAwayCodeFix.resolveWrongOverrideReturnError---
Resolving triggered errors for making super method nullable.
---AdvancedNullAwayCodeFix.fixTriggeredErrorsForLocation---
Fixing triggered errors for location: OnMethod{method='getWanted()', clazz='org.mockito.internal.verification.api.VerificationDataInOrderImpl'}
---AdvancedNullAwayCodeFix.getTriggeredErrorsFromLocation---
Impact not found, re-evaluating the location.
---AdvancedNullAwayCodeFix.fixTriggeredErrorsForLocation---
Triggered errors size: 0
---AdvancedNullAwayCodeFix.fixTriggeredErrorsForLocation---
Adding annotations for resolvable errors, size: 0
